JOB: run-flutter-nightly-build / build-rustdesk-linux-sciter x86_64-unknown-linux-gnu | MSG: 
JOB: run-flutter-nightly-build / i686-pc-windows-msvc (windows-2022) | MSG: 
JOB: run-flutter-nightly-build / build-rustdesk-web | MSG: 
JOB: run-flutter-nightly-build / aarch64-apple-darwin | MSG: 
JOB: run-flutter-nightly-build / build rustdesk android apk armv7-linux-androideabi | MSG: 
JOB: run-flutter-nightly-build / build rustdesk android apk aarch64-linux-android | MSG: 
JOB: run-flutter-nightly-build / x86_64-pc-windows-msvc | MSG: 
JOB: run-flutter-nightly-build / build rustdesk ios ipa (aarch64, aarch64-apple-ios, macos-latest, arm64-ios) | MSG: 
JOB: run-flutter-nightly-build / build rustdesk android apk x86_64-linux-android | MSG: 
JOB: run-flutter-nightly-build / build rustdesk android universal apk | MSG: 
